Push_swap Test Results - Sun Feb  9 14:01:38 CET 2025
================================

New Worst Case Found:
Pattern: Original Evil Pattern
Moves: 595
Numbers: 94 98 97 96 95 99 93 92 91 90 84 88 87 86 85 89 83 82 81 80 74 78 77 76 75 79 73 72 71 70 64 68 67 66 65 69 63 62 61 60 54 58 57 56 55 59 53 52 51 50 44 48 47 46 45 49 43 42 41 40 34 38 37 36 35 39 33 32 31 30 24 28 27 26 25 29 23 22 21 20 14 18 17 16 15 19 13 12 11 10 4 8 7 6 5 9 3 2 1 0
------------------------
Test #1: Original Evil Pattern
Moves: 595
Result: OK
-------------------
Test #2: Multi-level Pattern 1
Moves: 548
Result: OK
-------------------
Test #3: Wave Pattern 50
Moves: 573
Result: OK
-------------------
Test #4: Strategic Reverse 50
Moves: 592
Result: OK
-------------------
